
  .   ____          _            __ _ _
 /\\ / ___'_ __ _ _(_)_ __  __ _ \ \ \ \
( ( )\___ | '_ | '_| | '_ \/ _` | \ \ \ \
 \\/  ___)| |_)| | | | | || (_| |  ) ) ) )
  '  |____| .__|_| |_|_| |_\__, | / / / /
 =========|_|==============|___/=/_/_/_/

 :: Spring Boot ::                (v3.5.6)

2026-02-22T19:50:33.879-03:00  INFO 23400 --- [           main] c.t.productsapi.ProductsApiApplication   : Starting ProductsApiApplication v0.0.1-SNAPSHOT using Java 17.0.12 with PID 23400 (C:\Users\liamn\Desktop\curso-digitalHouse\proyecto-final-dh\backend\products-api\target\products-api-0.0.1-SNAPSHOT.jar started by liamn in C:\Users\liamn\Desktop\curso-digitalHouse\proyecto-final-dh\backend\products-api)
2026-02-22T19:50:33.882-03:00  INFO 23400 --- [           main] c.t.productsapi.ProductsApiApplication   : No active profile set, falling back to 1 default profile: "default"
2026-02-22T19:50:34.820-03:00  INFO 23400 --- [           main] .s.d.r.c.RepositoryConfigurationDelegate : Bootstrapping Spring Data JPA repositories in DEFAULT mode.
2026-02-22T19:50:34.884-03:00  INFO 23400 --- [           main] .s.d.r.c.RepositoryConfigurationDelegate : Finished Spring Data repository scanning in 53 ms. Found 7 JPA repository interfaces.
2026-02-22T19:50:35.894-03:00  INFO 23400 --- [           main] o.s.b.w.embedded.tomcat.TomcatWebServer  : Tomcat initialized with port 8084 (http)
2026-02-22T19:50:35.944-03:00  INFO 23400 --- [           main] o.apache.catalina.core.StandardService   : Starting service [Tomcat]
2026-02-22T19:50:35.945-03:00  INFO 23400 --- [           main] o.apache.catalina.core.StandardEngine    : Starting Servlet engine: [Apache Tomcat/10.1.46]
2026-02-22T19:50:36.005-03:00  INFO 23400 --- [           main] o.a.c.c.C.[Tomcat].[localhost].[/]       : Initializing Spring embedded WebApplicationContext
2026-02-22T19:50:36.007-03:00  INFO 23400 --- [           main] w.s.c.ServletWebServerApplicationContext : Root WebApplicationContext: initialization completed in 2079 ms
2026-02-22T19:50:36.359-03:00  INFO 23400 --- [           main] o.hibernate.jpa.internal.util.LogHelper  : HHH000204: Processing PersistenceUnitInfo [name: default]
2026-02-22T19:50:36.438-03:00  INFO 23400 --- [           main] org.hibernate.Version                    : HHH000412: Hibernate ORM core version 6.6.29.Final
2026-02-22T19:50:36.495-03:00  INFO 23400 --- [           main] o.h.c.internal.RegionFactoryInitiator    : HHH000026: Second-level cache disabled
2026-02-22T19:50:36.996-03:00  INFO 23400 --- [           main] o.s.o.j.p.SpringPersistenceUnitInfo      : No LoadTimeWeaver setup: ignoring JPA class transformer
2026-02-22T19:50:37.051-03:00  INFO 23400 --- [           main] com.zaxxer.hikari.HikariDataSource       : HikariPool-1 - Starting...
2026-02-22T19:50:37.201-03:00  INFO 23400 --- [           main] com.zaxxer.hikari.pool.HikariPool        : HikariPool-1 - Added connection conn0: url=jdbc:h2:mem:maildebugdb2 user=SA
2026-02-22T19:50:37.204-03:00  INFO 23400 --- [           main] com.zaxxer.hikari.HikariDataSource       : HikariPool-1 - Start completed.
2026-02-22T19:50:37.246-03:00  INFO 23400 --- [           main] org.hibernate.orm.connections.pooling    : HHH10001005: Database info:
	Database JDBC URL [Connecting through datasource 'HikariDataSource (HikariPool-1)']
	Database driver: undefined/unknown
	Database version: 2.3.232
	Autocommit mode: undefined/unknown
	Isolation level: undefined/unknown
	Minimum pool size: undefined/unknown
	Maximum pool size: undefined/unknown
2026-02-22T19:50:38.092-03:00  INFO 23400 --- [           main] o.h.e.t.j.p.i.JtaPlatformInitiator       : HHH000489: No JTA platform available (set 'hibernate.transaction.jta.platform' to enable JTA platform integration)
Hibernate: 
    create table categories (
        id bigint generated by default as identity,
        created_at timestamp(6) with time zone,
        description varchar(255),
        name varchar(80) not null,
        slug varchar(80),
        updated_at timestamp(6) with time zone,
        primary key (id)
    )
Hibernate: 
    create table favorites (
        id bigint generated by default as identity,
        created_at timestamp(6) with time zone not null,
        product_id bigint not null,
        user_id bigint not null,
        primary key (id)
    )
Hibernate: 
    create table product_images (
        product_id bigint not null,
        url varchar(255)
    )
Hibernate: 
    create table products (
        id bigint generated by default as identity,
        description varchar(2000) not null,
        name varchar(255) not null,
        price numeric(38,2) not null,
        reservable_id bigint,
        stock integer not null check (stock>=0),
        category_id bigint,
        primary key (id)
    )
Hibernate: 
    create table reservables (
        id bigint generated by default as identity,
        description varchar(2000),
        name varchar(120) not null,
        type enum ('PRODUCT','SERVICE') not null,
        primary key (id)
    )
Hibernate: 
    create table reservations (
        id bigint generated by default as identity,
        created_at timestamp(6),
        end_date date not null,
        start_date date not null,
        status enum ('ACTIVE','CANCELLED','CONFIRMED') not null,
        reservable_id bigint not null,
        user_id bigint not null,
        primary key (id)
    )
Hibernate: 
    create table reviews (
        id bigint generated by default as identity,
        comment TEXT,
        created_at timestamp(6) not null,
        rating integer not null,
        updated_at timestamp(6) not null,
        product_id bigint not null,
        user_id bigint not null,
        primary key (id)
    )
Hibernate: 
    create table user_favorites (
        user_id bigint not null,
        product_id bigint not null,
        primary key (user_id, product_id)
    )
Hibernate: 
    create table users (
        id bigint generated by default as identity,
        admin boolean not null,
        email varchar(255) not null,
        first_name varchar(255) not null,
        last_name varchar(255) not null,
        password varchar(255) not null,
        role enum ('ADMIN','USER') not null,
        primary key (id)
    )
Hibernate: 
    alter table if exists categories 
       drop constraint if exists UKt8o6pivur7nn124jehx7cygw5
Hibernate: 
    alter table if exists categories 
       add constraint UKt8o6pivur7nn124jehx7cygw5 unique (name)
Hibernate: 
    alter table if exists categories 
       drop constraint if exists UKoul14ho7bctbefv8jywp5v3i2
Hibernate: 
    alter table if exists categories 
       add constraint UKoul14ho7bctbefv8jywp5v3i2 unique (slug)
Hibernate: 
    alter table if exists favorites 
       drop constraint if exists UKgh1s14hhb9qb8p2do933hscsf
Hibernate: 
    alter table if exists favorites 
       add constraint UKgh1s14hhb9qb8p2do933hscsf unique (user_id, product_id)
Hibernate: 
    alter table if exists products 
       drop constraint if exists UKo61fmio5yukmmiqgnxf8pnavn
Hibernate: 
    alter table if exists products 
       add constraint UKo61fmio5yukmmiqgnxf8pnavn unique (name)
Hibernate: 
    create index idx_reservation_reservable 
       on reservations (reservable_id)
Hibernate: 
    create index idx_reservation_dates 
       on reservations (start_date, end_date)
Hibernate: 
    create index idx_reservation_user 
       on reservations (user_id)
Hibernate: 
    alter table if exists reviews 
       drop constraint if exists UK1nv3auyahyyy79hvtrcqgtfo9
Hibernate: 
    alter table if exists reviews 
       add constraint UK1nv3auyahyyy79hvtrcqgtfo9 unique (product_id, user_id)
Hibernate: 
    alter table if exists users 
       drop constraint if exists UK6dotkott2kjsp8vw4d0m25fb7
Hibernate: 
    alter table if exists users 
       add constraint UK6dotkott2kjsp8vw4d0m25fb7 unique (email)
Hibernate: 
    alter table if exists product_images 
       add constraint FKqnq71xsohugpqwf3c9gxmsuy 
       foreign key (product_id) 
       references products
Hibernate: 
    alter table if exists products 
       add constraint FKog2rp4qthbtt2lfyhfo32lsw9 
       foreign key (category_id) 
       references categories
Hibernate: 
    alter table if exists reservations 
       add constraint FK1u5nqxpwrd8lwkmc4g3mbunxe 
       foreign key (reservable_id) 
       references reservables
Hibernate: 
    alter table if exists reservations 
       add constraint FKb5g9io5h54iwl2inkno50ppln 
       foreign key (user_id) 
       references users
Hibernate: 
    alter table if exists reviews 
       add constraint FKpl51cejpw4gy5swfar8br9ngi 
       foreign key (product_id) 
       references products
Hibernate: 
    alter table if exists reviews 
       add constraint FKcgy7qjc1r99dp117y9en6lxye 
       foreign key (user_id) 
       references users
Hibernate: 
    alter table if exists user_favorites 
       add constraint FKleu0dbk5w8y4vpn5tb7fnhrgv 
       foreign key (product_id) 
       references products
Hibernate: 
    alter table if exists user_favorites 
       add constraint FK4sv7b9w9adr0fjnc4u10exlwm 
       foreign key (user_id) 
       references users
2026-02-22T19:50:38.167-03:00  INFO 23400 --- [           main] j.LocalContainerEntityManagerFactoryBean : Initialized JPA EntityManagerFactory for persistence unit 'default'
2026-02-22T19:50:38.909-03:00  INFO 23400 --- [           main] eAuthenticationProviderManagerConfigurer : Global AuthenticationManager configured with AuthenticationProvider bean with name authenticationProvider
2026-02-22T19:50:38.910-03:00  WARN 23400 --- [           main] r$InitializeUserDetailsManagerConfigurer : Global AuthenticationManager configured with an AuthenticationProvider bean. UserDetailsService beans will not be used by Spring Security for automatically configuring username/password login. Consider removing the AuthenticationProvider bean. Alternatively, consider using the UserDetailsService in a manually instantiated DaoAuthenticationProvider. If the current configuration is intentional, to turn off this warning, increase the logging level of 'org.springframework.security.config.annotation.authentication.configuration.InitializeUserDetailsBeanManagerConfigurer' to ERROR
Hibernate: 
    select
        u1_0.id 
    from
        users u1_0 
    where
        u1_0.email=? 
    fetch
        first ? rows only
Hibernate: 
    insert 
    into
        users
        (admin, email, first_name, last_name, password, role, id) 
    values
        (?, ?, ?, ?, ?, ?, default)
2026-02-22T19:50:39.437-03:00  INFO 23400 --- [           main] c.t.productsapi.auth.AuthController      : Seeded demo admin account: demo@demo.com
2026-02-22T19:50:39.528-03:00  INFO 23400 --- [           main] o.s.d.j.r.query.QueryEnhancerFactory     : Hibernate is in classpath; If applicable, HQL parser will be used.
2026-02-22T19:50:40.646-03:00  INFO 23400 --- [           main] .r.e.ReservationEmailNotificationService : Mail config -> host: smtp.gmail.com, username: liamnahuelromero@gmail.com, auth: true, passwordConfigured: true
2026-02-22T19:50:40.858-03:00  WARN 23400 --- [           main] JpaBaseConfiguration$JpaWebConfiguration : spring.jpa.open-in-view is enabled by default. Therefore, database queries may be performed during view rendering. Explicitly configure spring.jpa.open-in-view to disable this warning
2026-02-22T19:50:41.922-03:00  INFO 23400 --- [           main] o.s.b.a.h2.H2ConsoleAutoConfiguration    : H2 console available at '/h2'. Database available at 'jdbc:h2:mem:maildebugdb2'
2026-02-22T19:50:42.056-03:00  INFO 23400 --- [           main] o.s.b.w.embedded.tomcat.TomcatWebServer  : Tomcat started on port 8084 (http) with context path '/'
2026-02-22T19:50:42.076-03:00  INFO 23400 --- [           main] c.t.productsapi.ProductsApiApplication   : Started ProductsApiApplication in 8.864 seconds (process running for 9.419)
2026-02-22T19:50:50.188-03:00  INFO 23400 --- [nio-8084-exec-1] o.a.c.c.C.[Tomcat].[localhost].[/]       : Initializing Spring DispatcherServlet 'dispatcherServlet'
2026-02-22T19:50:50.188-03:00  INFO 23400 --- [nio-8084-exec-1] o.s.web.servlet.DispatcherServlet        : Initializing Servlet 'dispatcherServlet'
2026-02-22T19:50:50.189-03:00  INFO 23400 --- [nio-8084-exec-1] o.s.web.servlet.DispatcherServlet        : Completed initialization in 1 ms
Hibernate: 
    select
        u1_0.id,
        u1_0.admin,
        u1_0.email,
        u1_0.first_name,
        u1_0.last_name,
        u1_0.password,
        u1_0.role 
    from
        users u1_0 
    where
        u1_0.email=?
Hibernate: 
    select
        u1_0.id,
        u1_0.admin,
        u1_0.email,
        u1_0.first_name,
        u1_0.last_name,
        u1_0.password,
        u1_0.role 
    from
        users u1_0 
    where
        u1_0.email=?
Hibernate: 
    select
        u1_0.id,
        u1_0.admin,
        u1_0.email,
        u1_0.first_name,
        u1_0.last_name,
        u1_0.password,
        u1_0.role 
    from
        users u1_0 
    where
        u1_0.email=?
Hibernate: 
    select
        p1_0.id 
    from
        products p1_0 
    where
        upper(p1_0.name)=upper(?) 
    fetch
        first ? rows only
Hibernate: 
    insert 
    into
        products
        (category_id, description, name, price, reservable_id, stock, id) 
    values
        (?, ?, ?, ?, ?, ?, default)
Hibernate: 
    insert 
    into
        reservables
        (description, name, type, id) 
    values
        (?, ?, ?, default)
Hibernate: 
    update
        products 
    set
        category_id=?,
        description=?,
        name=?,
        price=?,
        reservable_id=?,
        stock=? 
    where
        id=?
Hibernate: 
    select
        u1_0.id 
    from
        users u1_0 
    where
        u1_0.email=? 
    fetch
        first ? rows only
Hibernate: 
    insert 
    into
        users
        (admin, email, first_name, last_name, password, role, id) 
    values
        (?, ?, ?, ?, ?, ?, default)
Hibernate: 
    select
        u1_0.id,
        u1_0.admin,
        u1_0.email,
        u1_0.first_name,
        u1_0.last_name,
        u1_0.password,
        u1_0.role 
    from
        users u1_0 
    where
        u1_0.email=?
Hibernate: 
    select
        r1_0.id,
        r1_0.description,
        r1_0.name,
        r1_0.type 
    from
        reservables r1_0 
    where
        r1_0.id=?
Hibernate: 
    select
        count(r1_0.id) 
    from
        reservations r1_0 
    where
        r1_0.reservable_id=? 
        and r1_0.status in (?) 
        and not((r1_0.end_date<? 
        or r1_0.start_date>?))
Hibernate: 
    insert 
    into
        reservations
        (created_at, end_date, reservable_id, start_date, status, user_id, id) 
    values
        (?, ?, ?, ?, ?, ?, default)
Hibernate: 
    select
        p1_0.id,
        p1_0.category_id,
        p1_0.description,
        p1_0.name,
        p1_0.price,
        p1_0.reservable_id,
        p1_0.stock 
    from
        products p1_0 
    where
        p1_0.reservable_id in (?)
2026-02-22T19:50:50.762-03:00  INFO 23400 --- [         task-1] .r.e.ReservationEmailNotificationService : Procesando envio de confirmacion para reserva 1 al destinatario liamnahuelromero+fix20260222195050@gmail.com
2026-02-22T19:50:54.988-03:00  INFO 23400 --- [         task-1] .r.e.ReservationEmailNotificationService : Email de confirmacion enviado para reserva 1 a liamnahuelromero+fix20260222195050@gmail.com
