
  .   ____          _            __ _ _
 /\\ / ___'_ __ _ _(_)_ __  __ _ \ \ \ \
( ( )\___ | '_ | '_| | '_ \/ _` | \ \ \ \
 \\/  ___)| |_)| | | | | || (_| |  ) ) ) )
  '  |____| .__|_| |_|_| |_\__, | / / / /
 =========|_|==============|___/=/_/_/_/

 :: Spring Boot ::                (v3.5.6)

2026-02-22T19:45:50.450-03:00  INFO 12020 --- [           main] c.t.productsapi.ProductsApiApplication   : Starting ProductsApiApplication v0.0.1-SNAPSHOT using Java 17.0.12 with PID 12020 (C:\Users\liamn\Desktop\curso-digitalHouse\proyecto-final-dh\backend\products-api\target\products-api-0.0.1-SNAPSHOT.jar started by liamn in C:\Users\liamn\Desktop\curso-digitalHouse\proyecto-final-dh\backend\products-api)
2026-02-22T19:45:50.452-03:00  INFO 12020 --- [           main] c.t.productsapi.ProductsApiApplication   : No active profile set, falling back to 1 default profile: "default"
2026-02-22T19:45:51.354-03:00  INFO 12020 --- [           main] .s.d.r.c.RepositoryConfigurationDelegate : Bootstrapping Spring Data JPA repositories in DEFAULT mode.
2026-02-22T19:45:51.422-03:00  INFO 12020 --- [           main] .s.d.r.c.RepositoryConfigurationDelegate : Finished Spring Data repository scanning in 58 ms. Found 7 JPA repository interfaces.
2026-02-22T19:45:52.249-03:00  INFO 12020 --- [           main] o.s.b.w.embedded.tomcat.TomcatWebServer  : Tomcat initialized with port 8082 (http)
2026-02-22T19:45:52.269-03:00  INFO 12020 --- [           main] o.apache.catalina.core.StandardService   : Starting service [Tomcat]
2026-02-22T19:45:52.270-03:00  INFO 12020 --- [           main] o.apache.catalina.core.StandardEngine    : Starting Servlet engine: [Apache Tomcat/10.1.46]
2026-02-22T19:45:52.327-03:00  INFO 12020 --- [           main] o.a.c.c.C.[Tomcat].[localhost].[/]       : Initializing Spring embedded WebApplicationContext
2026-02-22T19:45:52.328-03:00  INFO 12020 --- [           main] w.s.c.ServletWebServerApplicationContext : Root WebApplicationContext: initialization completed in 1827 ms
2026-02-22T19:45:52.595-03:00  INFO 12020 --- [           main] o.hibernate.jpa.internal.util.LogHelper  : HHH000204: Processing PersistenceUnitInfo [name: default]
2026-02-22T19:45:52.707-03:00  INFO 12020 --- [           main] org.hibernate.Version                    : HHH000412: Hibernate ORM core version 6.6.29.Final
2026-02-22T19:45:52.760-03:00  INFO 12020 --- [           main] o.h.c.internal.RegionFactoryInitiator    : HHH000026: Second-level cache disabled
2026-02-22T19:45:53.286-03:00  INFO 12020 --- [           main] o.s.o.j.p.SpringPersistenceUnitInfo      : No LoadTimeWeaver setup: ignoring JPA class transformer
2026-02-22T19:45:53.343-03:00  INFO 12020 --- [           main] com.zaxxer.hikari.HikariDataSource       : HikariPool-1 - Starting...
2026-02-22T19:45:53.528-03:00  INFO 12020 --- [           main] com.zaxxer.hikari.pool.HikariPool        : HikariPool-1 - Added connection conn0: url=jdbc:h2:mem:testdb user=SA
2026-02-22T19:45:53.529-03:00  INFO 12020 --- [           main] com.zaxxer.hikari.HikariDataSource       : HikariPool-1 - Start completed.
2026-02-22T19:45:53.575-03:00  INFO 12020 --- [           main] org.hibernate.orm.connections.pooling    : HHH10001005: Database info:
	Database JDBC URL [Connecting through datasource 'HikariDataSource (HikariPool-1)']
	Database driver: undefined/unknown
	Database version: 2.3.232
	Autocommit mode: undefined/unknown
	Isolation level: undefined/unknown
	Minimum pool size: undefined/unknown
	Maximum pool size: undefined/unknown
2026-02-22T19:45:54.425-03:00  INFO 12020 --- [           main] o.h.e.t.j.p.i.JtaPlatformInitiator       : HHH000489: No JTA platform available (set 'hibernate.transaction.jta.platform' to enable JTA platform integration)
Hibernate: 
    create table categories (
        id bigint generated by default as identity,
        created_at timestamp(6) with time zone,
        description varchar(255),
        name varchar(80) not null,
        slug varchar(80),
        updated_at timestamp(6) with time zone,
        primary key (id)
    )
Hibernate: 
    create table favorites (
        id bigint generated by default as identity,
        created_at timestamp(6) with time zone not null,
        product_id bigint not null,
        user_id bigint not null,
        primary key (id)
    )
Hibernate: 
    create table product_images (
        product_id bigint not null,
        url varchar(255)
    )
Hibernate: 
    create table products (
        id bigint generated by default as identity,
        description varchar(2000) not null,
        name varchar(255) not null,
        price numeric(38,2) not null,
        reservable_id bigint,
        stock integer not null check (stock>=0),
        category_id bigint,
        primary key (id)
    )
Hibernate: 
    create table reservables (
        id bigint generated by default as identity,
        description varchar(2000),
        name varchar(120) not null,
        type enum ('PRODUCT','SERVICE') not null,
        primary key (id)
    )
Hibernate: 
    create table reservations (
        id bigint generated by default as identity,
        created_at timestamp(6),
        end_date date not null,
        start_date date not null,
        status enum ('ACTIVE','CANCELLED','CONFIRMED') not null,
        reservable_id bigint not null,
        user_id bigint not null,
        primary key (id)
    )
Hibernate: 
    create table reviews (
        id bigint generated by default as identity,
        comment TEXT,
        created_at timestamp(6) not null,
        rating integer not null,
        updated_at timestamp(6) not null,
        product_id bigint not null,
        user_id bigint not null,
        primary key (id)
    )
Hibernate: 
    create table user_favorites (
        user_id bigint not null,
        product_id bigint not null,
        primary key (user_id, product_id)
    )
Hibernate: 
    create table users (
        id bigint generated by default as identity,
        admin boolean not null,
        email varchar(255) not null,
        first_name varchar(255) not null,
        last_name varchar(255) not null,
        password varchar(255) not null,
        role enum ('ADMIN','USER') not null,
        primary key (id)
    )
Hibernate: 
    alter table if exists categories 
       drop constraint if exists UKt8o6pivur7nn124jehx7cygw5
Hibernate: 
    alter table if exists categories 
       add constraint UKt8o6pivur7nn124jehx7cygw5 unique (name)
Hibernate: 
    alter table if exists categories 
       drop constraint if exists UKoul14ho7bctbefv8jywp5v3i2
Hibernate: 
    alter table if exists categories 
       add constraint UKoul14ho7bctbefv8jywp5v3i2 unique (slug)
Hibernate: 
    alter table if exists favorites 
       drop constraint if exists UKgh1s14hhb9qb8p2do933hscsf
Hibernate: 
    alter table if exists favorites 
       add constraint UKgh1s14hhb9qb8p2do933hscsf unique (user_id, product_id)
Hibernate: 
    alter table if exists products 
       drop constraint if exists UKo61fmio5yukmmiqgnxf8pnavn
Hibernate: 
    alter table if exists products 
       add constraint UKo61fmio5yukmmiqgnxf8pnavn unique (name)
Hibernate: 
    create index idx_reservation_reservable 
       on reservations (reservable_id)
Hibernate: 
    create index idx_reservation_dates 
       on reservations (start_date, end_date)
Hibernate: 
    create index idx_reservation_user 
       on reservations (user_id)
Hibernate: 
    alter table if exists reviews 
       drop constraint if exists UK1nv3auyahyyy79hvtrcqgtfo9
Hibernate: 
    alter table if exists reviews 
       add constraint UK1nv3auyahyyy79hvtrcqgtfo9 unique (product_id, user_id)
Hibernate: 
    alter table if exists users 
       drop constraint if exists UK6dotkott2kjsp8vw4d0m25fb7
Hibernate: 
    alter table if exists users 
       add constraint UK6dotkott2kjsp8vw4d0m25fb7 unique (email)
Hibernate: 
    alter table if exists product_images 
       add constraint FKqnq71xsohugpqwf3c9gxmsuy 
       foreign key (product_id) 
       references products
Hibernate: 
    alter table if exists products 
       add constraint FKog2rp4qthbtt2lfyhfo32lsw9 
       foreign key (category_id) 
       references categories
Hibernate: 
    alter table if exists reservations 
       add constraint FK1u5nqxpwrd8lwkmc4g3mbunxe 
       foreign key (reservable_id) 
       references reservables
Hibernate: 
    alter table if exists reservations 
       add constraint FKb5g9io5h54iwl2inkno50ppln 
       foreign key (user_id) 
       references users
Hibernate: 
    alter table if exists reviews 
       add constraint FKpl51cejpw4gy5swfar8br9ngi 
       foreign key (product_id) 
       references products
Hibernate: 
    alter table if exists reviews 
       add constraint FKcgy7qjc1r99dp117y9en6lxye 
       foreign key (user_id) 
       references users
Hibernate: 
    alter table if exists user_favorites 
       add constraint FKleu0dbk5w8y4vpn5tb7fnhrgv 
       foreign key (product_id) 
       references products
Hibernate: 
    alter table if exists user_favorites 
       add constraint FK4sv7b9w9adr0fjnc4u10exlwm 
       foreign key (user_id) 
       references users
2026-02-22T19:45:54.497-03:00  INFO 12020 --- [           main] j.LocalContainerEntityManagerFactoryBean : Initialized JPA EntityManagerFactory for persistence unit 'default'
2026-02-22T19:45:55.234-03:00  INFO 12020 --- [           main] eAuthenticationProviderManagerConfigurer : Global AuthenticationManager configured with AuthenticationProvider bean with name authenticationProvider
2026-02-22T19:45:55.235-03:00  WARN 12020 --- [           main] r$InitializeUserDetailsManagerConfigurer : Global AuthenticationManager configured with an AuthenticationProvider bean. UserDetailsService beans will not be used by Spring Security for automatically configuring username/password login. Consider removing the AuthenticationProvider bean. Alternatively, consider using the UserDetailsService in a manually instantiated DaoAuthenticationProvider. If the current configuration is intentional, to turn off this warning, increase the logging level of 'org.springframework.security.config.annotation.authentication.configuration.InitializeUserDetailsBeanManagerConfigurer' to ERROR
2026-02-22T19:45:55.320-03:00  INFO 12020 --- [           main] o.s.d.j.r.query.QueryEnhancerFactory     : Hibernate is in classpath; If applicable, HQL parser will be used.
2026-02-22T19:45:56.641-03:00  INFO 12020 --- [           main] .r.e.ReservationEmailNotificationService : Mail config -> host: smtp.gmail.com, username: liamnahuelromero@gmail.com, auth: true, passwordConfigured: true
2026-02-22T19:45:56.845-03:00  WARN 12020 --- [           main] JpaBaseConfiguration$JpaWebConfiguration : spring.jpa.open-in-view is enabled by default. Therefore, database queries may be performed during view rendering. Explicitly configure spring.jpa.open-in-view to disable this warning
2026-02-22T19:45:57.941-03:00  INFO 12020 --- [           main] o.s.b.a.h2.H2ConsoleAutoConfiguration    : H2 console available at '/h2'. Database available at 'jdbc:h2:mem:testdb'
2026-02-22T19:45:58.029-03:00  WARN 12020 --- [           main] ConfigServletWebServerApplicationContext : Exception encountered during context initialization - cancelling refresh attempt: org.springframework.context.ApplicationContextException: Failed to start bean 'webServerStartStop'
2026-02-22T19:45:58.032-03:00  INFO 12020 --- [           main] j.LocalContainerEntityManagerFactoryBean : Closing JPA EntityManagerFactory for persistence unit 'default'
2026-02-22T19:45:58.036-03:00  INFO 12020 --- [           main] com.zaxxer.hikari.HikariDataSource       : HikariPool-1 - Shutdown initiated...
2026-02-22T19:45:58.040-03:00  INFO 12020 --- [           main] com.zaxxer.hikari.HikariDataSource       : HikariPool-1 - Shutdown completed.
2026-02-22T19:45:58.063-03:00  INFO 12020 --- [           main] .s.b.a.l.ConditionEvaluationReportLogger : 

Error starting ApplicationContext. To display the condition evaluation report re-run your application with 'debug' enabled.
2026-02-22T19:45:58.099-03:00 ERROR 12020 --- [           main] o.s.b.d.LoggingFailureAnalysisReporter   : 

***************************
APPLICATION FAILED TO START
***************************

Description:

Web server failed to start. Port 8082 was already in use.

Action:

Identify and stop the process that's listening on port 8082 or configure this application to listen on another port.

