
  .   ____          _            __ _ _
 /\\ / ___'_ __ _ _(_)_ __  __ _ \ \ \ \
( ( )\___ | '_ | '_| | '_ \/ _` | \ \ \ \
 \\/  ___)| |_)| | | | | || (_| |  ) ) ) )
  '  |____| .__|_| |_|_| |_\__, | / / / /
 =========|_|==============|___/=/_/_/_/

 :: Spring Boot ::                (v3.5.6)

2026-02-22T19:58:20.022-03:00  INFO 10088 --- [           main] c.t.productsapi.ProductsApiApplication   : Starting ProductsApiApplication v0.0.1-SNAPSHOT using Java 17.0.12 with PID 10088 (C:\Users\liamn\Desktop\curso-digitalHouse\proyecto-final-dh\backend\products-api\target\products-api-0.0.1-SNAPSHOT.jar started by liamn in C:\Users\liamn\Desktop\curso-digitalHouse\proyecto-final-dh\backend\products-api)
2026-02-22T19:58:20.025-03:00  INFO 10088 --- [           main] c.t.productsapi.ProductsApiApplication   : No active profile set, falling back to 1 default profile: "default"
2026-02-22T19:58:20.987-03:00  INFO 10088 --- [           main] .s.d.r.c.RepositoryConfigurationDelegate : Bootstrapping Spring Data JPA repositories in DEFAULT mode.
2026-02-22T19:58:21.056-03:00  INFO 10088 --- [           main] .s.d.r.c.RepositoryConfigurationDelegate : Finished Spring Data repository scanning in 59 ms. Found 7 JPA repository interfaces.
2026-02-22T19:58:21.934-03:00  INFO 10088 --- [           main] o.s.b.w.embedded.tomcat.TomcatWebServer  : Tomcat initialized with port 8080 (http)
2026-02-22T19:58:21.953-03:00  INFO 10088 --- [           main] o.apache.catalina.core.StandardService   : Starting service [Tomcat]
2026-02-22T19:58:21.954-03:00  INFO 10088 --- [           main] o.apache.catalina.core.StandardEngine    : Starting Servlet engine: [Apache Tomcat/10.1.46]
2026-02-22T19:58:22.007-03:00  INFO 10088 --- [           main] o.a.c.c.C.[Tomcat].[localhost].[/]       : Initializing Spring embedded WebApplicationContext
2026-02-22T19:58:22.009-03:00  INFO 10088 --- [           main] w.s.c.ServletWebServerApplicationContext : Root WebApplicationContext: initialization completed in 1939 ms
2026-02-22T19:58:22.292-03:00  INFO 10088 --- [           main] o.hibernate.jpa.internal.util.LogHelper  : HHH000204: Processing PersistenceUnitInfo [name: default]
2026-02-22T19:58:22.441-03:00  INFO 10088 --- [           main] org.hibernate.Version                    : HHH000412: Hibernate ORM core version 6.6.29.Final
2026-02-22T19:58:22.552-03:00  INFO 10088 --- [           main] o.h.c.internal.RegionFactoryInitiator    : HHH000026: Second-level cache disabled
2026-02-22T19:58:23.026-03:00  INFO 10088 --- [           main] o.s.o.j.p.SpringPersistenceUnitInfo      : No LoadTimeWeaver setup: ignoring JPA class transformer
2026-02-22T19:58:23.104-03:00  INFO 10088 --- [           main] com.zaxxer.hikari.HikariDataSource       : HikariPool-1 - Starting...
2026-02-22T19:58:23.366-03:00  INFO 10088 --- [           main] com.zaxxer.hikari.pool.HikariPool        : HikariPool-1 - Added connection conn0: url=jdbc:h2:file:./data/productsdb user=SA
2026-02-22T19:58:23.367-03:00  INFO 10088 --- [           main] com.zaxxer.hikari.HikariDataSource       : HikariPool-1 - Start completed.
2026-02-22T19:58:23.410-03:00  INFO 10088 --- [           main] org.hibernate.orm.connections.pooling    : HHH10001005: Database info:
	Database JDBC URL [Connecting through datasource 'HikariDataSource (HikariPool-1)']
	Database driver: undefined/unknown
	Database version: 2.3.232
	Autocommit mode: undefined/unknown
	Isolation level: undefined/unknown
	Minimum pool size: undefined/unknown
	Maximum pool size: undefined/unknown
2026-02-22T19:58:24.291-03:00  INFO 10088 --- [           main] o.h.e.t.j.p.i.JtaPlatformInitiator       : HHH000489: No JTA platform available (set 'hibernate.transaction.jta.platform' to enable JTA platform integration)
Hibernate: 
    alter table if exists categories 
       drop constraint if exists UKt8o6pivur7nn124jehx7cygw5
Hibernate: 
    alter table if exists categories 
       add constraint UKt8o6pivur7nn124jehx7cygw5 unique (name)
Hibernate: 
    alter table if exists favorites 
       drop constraint if exists UKgh1s14hhb9qb8p2do933hscsf
Hibernate: 
    alter table if exists favorites 
       add constraint UKgh1s14hhb9qb8p2do933hscsf unique (user_id, product_id)
Hibernate: 
    alter table if exists products 
       drop constraint if exists UKo61fmio5yukmmiqgnxf8pnavn
Hibernate: 
    alter table if exists products 
       add constraint UKo61fmio5yukmmiqgnxf8pnavn unique (name)
Hibernate: 
    alter table if exists reviews 
       drop constraint if exists UK1nv3auyahyyy79hvtrcqgtfo9
Hibernate: 
    alter table if exists reviews 
       add constraint UK1nv3auyahyyy79hvtrcqgtfo9 unique (product_id, user_id)
2026-02-22T19:58:24.344-03:00  INFO 10088 --- [           main] j.LocalContainerEntityManagerFactoryBean : Initialized JPA EntityManagerFactory for persistence unit 'default'
2026-02-22T19:58:25.144-03:00  INFO 10088 --- [           main] eAuthenticationProviderManagerConfigurer : Global AuthenticationManager configured with AuthenticationProvider bean with name authenticationProvider
2026-02-22T19:58:25.145-03:00  WARN 10088 --- [           main] r$InitializeUserDetailsManagerConfigurer : Global AuthenticationManager configured with an AuthenticationProvider bean. UserDetailsService beans will not be used by Spring Security for automatically configuring username/password login. Consider removing the AuthenticationProvider bean. Alternatively, consider using the UserDetailsService in a manually instantiated DaoAuthenticationProvider. If the current configuration is intentional, to turn off this warning, increase the logging level of 'org.springframework.security.config.annotation.authentication.configuration.InitializeUserDetailsBeanManagerConfigurer' to ERROR
2026-02-22T19:58:25.236-03:00  INFO 10088 --- [           main] o.s.d.j.r.query.QueryEnhancerFactory     : Hibernate is in classpath; If applicable, HQL parser will be used.
2026-02-22T19:58:26.647-03:00  INFO 10088 --- [           main] .r.e.ReservationEmailNotificationService : Mail config -> host: smtp.gmail.com, username: liamnahuelromero@gmail.com, auth: true, passwordConfigured: true
2026-02-22T19:58:26.813-03:00  WARN 10088 --- [           main] JpaBaseConfiguration$JpaWebConfiguration : spring.jpa.open-in-view is enabled by default. Therefore, database queries may be performed during view rendering. Explicitly configure spring.jpa.open-in-view to disable this warning
2026-02-22T19:58:27.883-03:00  INFO 10088 --- [           main] o.s.b.a.h2.H2ConsoleAutoConfiguration    : H2 console available at '/h2'. Database available at 'jdbc:h2:file:./data/productsdb'
2026-02-22T19:58:27.980-03:00  INFO 10088 --- [           main] o.s.b.w.embedded.tomcat.TomcatWebServer  : Tomcat started on port 8080 (http) with context path '/'
2026-02-22T19:58:27.995-03:00  INFO 10088 --- [           main] c.t.productsapi.ProductsApiApplication   : Started ProductsApiApplication in 8.651 seconds (process running for 9.189)
